// Jest Snapshot v1, https://goo.gl/fbAQLP

exports[`<TransactionsList /> renders 1`] = `
Array [
  <div
<<<<<<< HEAD
    className="action-sparse-row mx-0 row no-gutters"
  >
    <div
      className="col-auto"
=======
    className="action-row-bottom"
  >
    <div
      className="action-sparse-row mx-0"
>>>>>>> 72d90109cc37dffc0f80b8ab53b1bf010fdeb254
    >
      <img
        className="action-row-img"
        src="/static/images/icon-m-batch.svg"
      />
      Batch Transaction
    </div>
    <div
      className="action-sparse-row mx-0  row no-gutters"
    >
      <div
        className="actions-icon-col col-auto"
      >
        <div
          className="jsx-4249051168 action-row-img"
          style={
            Object {
              "marginLeft": "30px",
            }
          }
        >
          <svg
            className="jsx-4249051168"
            viewBox="0 0 18 18"
            xmlns="http://www.w3.org/2000/svg"
          >
            <path
              d="M11.26 9l-.34-.45a4.5 4.5 0 1 0-3.84 0L6.74 9A7 7 0 0 0 0 16v2h18v-2a7 7 0 0 0-6.74-7z"
              fill="#0071ce"
            />
          </svg>
        </div>
        <img
          className="jsx-4249051168 action-row-toggler"
          src="/static/images/icon-arrow-right.svg"
        />
      </div>
      <div
        className="action-row-details col"
      >
        <div
          className="row no-gutters"
        >
          <div
            className="col-md-8 col-7"
          >
            <div
              className="row no-gutters"
            >
<<<<<<< HEAD
              Batch Transaction
=======
              <div
                className="action-row-title col"
              >
                New account created: 
                <a
                  className="account-link"
                  href="/accounts/receiver.test"
                  onClick={[Function]}
                  onMouseEnter={[Function]}
                >
                  @receiver.test
                </a>
              </div>
>>>>>>> 72d90109cc37dffc0f80b8ab53b1bf010fdeb254
            </div>
            <div
              className="row no-gutters"
            >
              <div
                className="action-row-text col"
              >
                by 
                <a
                  className="account-link"
                  href="/accounts/signer.test"
                  onClick={[Function]}
                  onMouseEnter={[Function]}
                >
                  @signer.test
                </a>
              </div>
            </div>
          </div>
          <div
            className="ml-auto text-right col-md-4 col-5"
          >
            <div
              className="row"
            >
              <div
                className="action-row-txid col"
              >
                <a
                  className="transaction-link"
                  href="/transactions/BvJeW6gnFjkCBKCsRNEBrRLDQCFZNxLAi6uXzmLaVrrj"
                  onClick={[Function]}
                  onMouseEnter={[Function]}
                >
                  BvJeW6g...
                </a>
              </div>
            </div>
            <div
              className="row"
            >
<<<<<<< HEAD
              <span
                className="action-row-timer-status"
=======
              <div
                className="action-row-timer col"
>>>>>>> 72d90109cc37dffc0f80b8ab53b1bf010fdeb254
              >
                <span
                  className="jsx-4249051168 action-row-timer-status"
                >
                  Completed
                </span>
                 
                <span>
                  1s ago
                </span>
              </div>
            </div>
          </div>
        </div>
      </div>
    </div>
    <div
      className="action-sparse-row mx-0  row no-gutters"
    >
      <div
<<<<<<< HEAD
        className="action-row-img"
      >
        <svg
          viewBox="0 0 18 18"
          xmlns="http://www.w3.org/2000/svg"
        >
          <path
            d="M11.26 9l-.34-.45a4.5 4.5 0 1 0-3.84 0L6.74 9A7 7 0 0 0 0 16v2h18v-2a7 7 0 0 0-6.74-7z"
            fill="#0071ce"
          />
        </svg>
      </div>
    </div>
    <div
      className="action-row-details col"
    >
=======
        className="actions-icon-col col-auto"
      >
        <div
          className="jsx-4249051168 action-row-img"
          style={
            Object {
              "marginLeft": "30px",
            }
          }
        >
          <svg
            className="jsx-4249051168"
            viewBox="0 0 18 18"
            xmlns="http://www.w3.org/2000/svg"
          >
            <path
              d="M0 18l9-9-9-9zm18-9L9 0v18z"
              fill="#8dd4bd"
            />
          </svg>
        </div>
        <img
          className="jsx-4249051168 action-row-toggler"
          src="/static/images/icon-arrow-right.svg"
        />
      </div>
>>>>>>> 72d90109cc37dffc0f80b8ab53b1bf010fdeb254
      <div
        className="action-row-details col"
      >
        <div
          className="row no-gutters"
        >
          <div
            className="col-md-8 col-7"
          >
            <div
              className="row no-gutters"
            >
<<<<<<< HEAD
              New account created: 
              <a
                className="account-link"
                href="/accounts/receiver.test"
                onClick={[Function]}
                onMouseEnter={[Function]}
=======
              <div
                className="action-row-title col"
>>>>>>> 72d90109cc37dffc0f80b8ab53b1bf010fdeb254
              >
                Transferred 10.00000 Ⓝ to 
                <a
                  className="account-link"
                  href="/accounts/receiver.test"
                  onClick={[Function]}
                  onMouseEnter={[Function]}
                >
                  @receiver.test
                </a>
              </div>
            </div>
<<<<<<< HEAD
          </div>
        </div>
      </div>
    </div>
  </div>,
  <div
    className="action-sparse-row mx-0  row no-gutters"
  >
    <div
      className="actions-icon-col col-auto"
    >
      <div
        className="action-row-img"
      >
        <svg
          viewBox="0 0 18 18"
          xmlns="http://www.w3.org/2000/svg"
        >
          <path
            d="M0 18l9-9-9-9zm18-9L9 0v18z"
            fill="#8dd4bd"
          />
        </svg>
      </div>
    </div>
    <div
      className="action-row-details col"
    >
      <div
        className="row no-gutters"
      >
        <div
          className="col-md-8 col-7"
        >
          <div
            className="row no-gutters"
          >
            <div
              className="action-row-title col"
            >
              Transferred 10.00000 Ⓝ to 
              <a
                className="account-link"
                href="/accounts/receiver.test"
                onClick={[Function]}
                onMouseEnter={[Function]}
              >
                @receiver.test
              </a>
            </div>
=======
            <div
              className="row no-gutters"
            >
              <div
                className="action-row-text col"
              >
                by 
                <a
                  className="account-link"
                  href="/accounts/signer.test"
                  onClick={[Function]}
                  onMouseEnter={[Function]}
                >
                  @signer.test
                </a>
              </div>
            </div>
          </div>
          <div
            className="ml-auto text-right col-md-4 col-5"
          >
            <div
              className="row"
            >
              <div
                className="action-row-txid col"
              >
                <a
                  className="transaction-link"
                  href="/transactions/BvJeW6gnFjkCBKCsRNEBrRLDQCFZNxLAi6uXzmLaVrrj"
                  onClick={[Function]}
                  onMouseEnter={[Function]}
                >
                  BvJeW6g...
                </a>
              </div>
            </div>
            <div
              className="row"
            >
              <div
                className="action-row-timer col"
              >
                <span
                  className="jsx-4249051168 action-row-timer-status"
                >
                  Completed
                </span>
                 
                <span>
                  1s ago
                </span>
              </div>
            </div>
>>>>>>> 72d90109cc37dffc0f80b8ab53b1bf010fdeb254
          </div>
        </div>
      </div>
    </div>
    <div
      className="action-sparse-row mx-0  row no-gutters"
    >
      <div
<<<<<<< HEAD
        className="action-row-img"
      >
        <svg
          viewBox="0 0 18 18"
          xmlns="http://www.w3.org/2000/svg"
=======
        className="actions-icon-col col-auto"
      >
        <div
          className="jsx-4249051168 action-row-img"
          style={
            Object {
              "marginLeft": "30px",
            }
          }
>>>>>>> 72d90109cc37dffc0f80b8ab53b1bf010fdeb254
        >
          <svg
            className="jsx-4249051168"
            viewBox="0 0 18 18"
            xmlns="http://www.w3.org/2000/svg"
          >
            <path
              d="M18 18v-3.6L8.92 5.32A4.5 4.5 0 1 0 4.5 9a4.47 4.47 0 0 0 .82-.08L14.4 18zM3 4.5A1.5 1.5 0 1 1 4.5 6 1.5 1.5 0 0 1 3 4.5z"
              fill="#5ace84"
            />
          </svg>
        </div>
        <img
          className="jsx-4249051168 action-row-toggler"
          src="/static/images/icon-arrow-right.svg"
        />
      </div>
<<<<<<< HEAD
    </div>
    <div
      className="action-row-details col"
    >
=======
>>>>>>> 72d90109cc37dffc0f80b8ab53b1bf010fdeb254
      <div
        className="action-row-details col"
      >
        <div
          className="row no-gutters"
        >
          <div
            className="col-md-8 col-7"
          >
            <div
              className="row no-gutters"
            >
              <div
                className="action-row-title col"
              >
                New key added for 
                <a
                  className="account-link"
                  href="/accounts/receiver.test"
                  onClick={[Function]}
                  onMouseEnter={[Function]}
                >
                  @receiver.test
                </a>
                : ed25519:8LXEySy...
              </div>
            </div>
<<<<<<< HEAD
=======
            <div
              className="row no-gutters"
            >
              <div
                className="action-row-text col"
              >
                by 
                <a
                  className="account-link"
                  href="/accounts/signer.test"
                  onClick={[Function]}
                  onMouseEnter={[Function]}
                >
                  @signer.test
                </a>
              </div>
            </div>
          </div>
          <div
            className="ml-auto text-right col-md-4 col-5"
          >
            <div
              className="row"
            >
              <div
                className="action-row-txid col"
              >
                <a
                  className="transaction-link"
                  href="/transactions/BvJeW6gnFjkCBKCsRNEBrRLDQCFZNxLAi6uXzmLaVrrj"
                  onClick={[Function]}
                  onMouseEnter={[Function]}
                >
                  BvJeW6g...
                </a>
              </div>
            </div>
            <div
              className="row"
            >
              <div
                className="action-row-timer col"
              >
                <span
                  className="jsx-4249051168 action-row-timer-status"
                >
                  Completed
                </span>
                 
                <span>
                  1s ago
                </span>
              </div>
            </div>
>>>>>>> 72d90109cc37dffc0f80b8ab53b1bf010fdeb254
          </div>
        </div>
      </div>
    </div>
  </div>,
  <div
    className="action-row-bottom"
  >
    <div
<<<<<<< HEAD
      className="col-auto"
    >
      <div
        className="jsx-1245096015 action-row-img"
      >
        <svg
          className="jsx-1245096015"
          viewBox="0 0 18 18"
          xmlns="http://www.w3.org/2000/svg"
=======
      className="action-sparse-row mx-0  row no-gutters"
    >
      <div
        className="actions-icon-col col-auto"
      >
        <div
          className="jsx-4249051168 action-row-img"
>>>>>>> 72d90109cc37dffc0f80b8ab53b1bf010fdeb254
        >
          <svg
            className="jsx-4249051168"
            viewBox="0 0 18 18"
            xmlns="http://www.w3.org/2000/svg"
          >
            <path
              d="M0 9l6 6L9 0zm12-6L9 18l9-9z"
              fill="#ccc"
            />
          </svg>
        </div>
        <img
          className="jsx-4249051168 action-row-toggler"
          src="/static/images/icon-arrow-right.svg"
        />
      </div>
<<<<<<< HEAD
    </div>
    <div
      className="action-row-details col"
    >
=======
>>>>>>> 72d90109cc37dffc0f80b8ab53b1bf010fdeb254
      <div
        className="action-row-details col"
      >
        <div
          className="row no-gutters"
        >
          <div
            className="col-md-8 col-7"
          >
            <div
              className="row no-gutters"
            >
              <div
                className="action-row-title col"
              >
                Called method: addMessage in contract: 
                <a
                  className="account-link"
                  href="/accounts/receiver2.test"
                  onClick={[Function]}
                  onMouseEnter={[Function]}
                >
                  @receiver2.test
                </a>
              </div>
            </div>
            <div
              className="row no-gutters"
            >
              <div
                className="action-row-text col"
              >
                by 
                <a
                  className="account-link"
                  href="/accounts/signer2.test"
                  onClick={[Function]}
                  onMouseEnter={[Function]}
                >
                  @signer2.test
                </a>
              </div>
            </div>
          </div>
          <div
            className="ml-auto text-right col-md-4 col-5"
          >
            <div
              className="row"
            >
              <div
                className="action-row-txid col"
              >
                <a
                  className="transaction-link"
                  href="/transactions/222eW6gnFjkCBKCsRNEBrRLDQCFZNxLAi6uXzmLaVrrj"
                  onClick={[Function]}
                  onMouseEnter={[Function]}
                >
                  222eW6g...
                </a>
              </div>
            </div>
            <div
              className="row"
            >
<<<<<<< HEAD
              <span
                className="jsx-1245096015 action-row-timer-status"
=======
              <div
                className="action-row-timer col"
>>>>>>> 72d90109cc37dffc0f80b8ab53b1bf010fdeb254
              >
                <span
                  className="jsx-4249051168 action-row-timer-status"
                >
                  Completed
                </span>
                 
                <span>
                  1s ago
                </span>
              </div>
            </div>
          </div>
        </div>
      </div>
    </div>
  </div>,
]
`;
